// Jest Snapshot v1, https://goo.gl/fbAQLP

exports[`<SearchBar /> It should match snapshot 1`] = `1`;
