// Jest Snapshot v1, https://goo.gl/fbAQLP

exports[`<HomePage /> It should match snapshot 1`] = `1`;
