// Jest Snapshot v1, https://goo.gl/fbAQLP

exports[`<Header /> It should match snapshot 1`] = `1`;
