// Jest Snapshot v1, https://goo.gl/fbAQLP

exports[`<SearchResults /> It should mount 1`] = `1`;
